This is pdfTeX, Version 3.14159265-2.6-1.40.20 (TeX Live 2019/Debian) (preloaded format=pdflatex 2021.8.16)  16 AUG 2021 16:52
entering extended mode
 restricted \write18 enabled.
 %&-line parsing enabled.
**test.tex
(./test.tex
LaTeX2e <2020-02-02> patch level 2
L3 programming layer <2020-02-14>
(/usr/share/texlive/texmf-dist/tex/latex/base/article.cls
Document Class: article 2019/12/20 v1.4l Standard LaTeX document class
(/usr/share/texlive/texmf-dist/tex/latex/base/size10.clo
File: size10.clo 2019/12/20 v1.4l Standard LaTeX file (size option)
)
\c@part=\count167
\c@section=\count168
\c@subsection=\count169
\c@subsubsection=\count170
\c@paragraph=\count171
\c@subparagraph=\count172
\c@figure=\count173
\c@table=\count174
\abovecaptionskip=\skip47
\belowcaptionskip=\skip48
\bibindent=\dimen134
)
(/usr/share/texlive/texmf-dist/tex/generic/babel/babel.sty
Package: babel 2020/02/14 3.40 The Babel package

(/usr/share/texlive/texmf-dist/tex/generic/babel/switch.def
File: switch.def 2020/02/14 3.40 Babel switching mechanism
)
(/usr/share/texlive/texmf-dist/tex/generic/babel-german/ngerman.ldf
Language: ngerman 2018/12/08 v2.11 German support for babel (post-1996 orthogra
phy)

(/usr/share/texlive/texmf-dist/tex/generic/babel-german/ngermanb.ldf
Language: ngermanb 2018/12/08 v2.11 German support for babel (post-1996 orthogr
aphy)

(/usr/share/texlive/texmf-dist/tex/generic/babel/babel.def
File: babel.def 2020/02/14 3.40 Babel common definitions
\babel@savecnt=\count175
\U@D=\dimen135

(/usr/share/texlive/texmf-dist/tex/generic/babel/txtbabel.def)
\bbl@readstream=\read2
\bbl@dirlevel=\count176
)
Package babel Info: Making " an active character on input line 121.
)))
(/usr/share/texlive/texmf-dist/tex/latex/base/fontenc.sty
Package: fontenc 2020/02/11 v2.0o Standard LaTeX package
)
(/usr/share/texlive/texmf-dist/tex/latex/base/inputenc.sty
Package: inputenc 2018/08/11 v1.3c Input encoding file
\inpenc@prehook=\toks14
\inpenc@posthook=\toks15
)
(/usr/share/texlive/texmf-dist/tex/latex/pdfpages/pdfpages.sty
Package: pdfpages 2020/01/28 v0.5q Insert pages of external PDF documents (AM)

(/usr/share/texlive/texmf-dist/tex/latex/base/ifthen.sty
Package: ifthen 2014/09/29 v1.1c Standard LaTeX ifthen package (DPC)
)
(/usr/share/texlive/texmf-dist/tex/latex/tools/calc.sty
Package: calc 2017/05/25 v4.3 Infix arithmetic (KKT,FJ)
\calc@Acount=\count177
\calc@Bcount=\count178
\calc@Adimen=\dimen136
\calc@Bdimen=\dimen137
\calc@Askip=\skip49
\calc@Bskip=\skip50
LaTeX Info: Redefining \setlength on input line 80.
LaTeX Info: Redefining \addtolength on input line 81.
\calc@Ccount=\count179
\calc@Cskip=\skip51
)
(/usr/share/texlive/texmf-dist/tex/latex/eso-pic/eso-pic.sty
Package: eso-pic 2018/04/12 v2.0h eso-pic (RN)

(/usr/share/texlive/texmf-dist/tex/generic/atbegshi/atbegshi.sty
Package: atbegshi 2019/12/05 v1.19 At begin shipout hook (HO)

(/usr/share/texlive/texmf-dist/tex/generic/infwarerr/infwarerr.sty
Package: infwarerr 2019/12/03 v1.5 Providing info/warning/error messages (HO)
)
(/usr/share/texlive/texmf-dist/tex/generic/ltxcmds/ltxcmds.sty
Package: ltxcmds 2019/12/15 v1.24 LaTeX kernel commands for general use (HO)
)
(/usr/share/texlive/texmf-dist/tex/generic/iftex/iftex.sty
Package: iftex 2019/11/07 v1.0c TeX engine tests
))
(/usr/share/texlive/texmf-dist/tex/latex/graphics/keyval.sty
Package: keyval 2014/10/28 v1.15 key=value parser (DPC)
\KV@toks@=\toks16
)
(/usr/share/texlive/texmf-dist/tex/latex/xcolor/xcolor.sty
Package: xcolor 2016/05/11 v2.12 LaTeX color extensions (UK)

(/usr/share/texlive/texmf-dist/tex/latex/graphics-cfg/color.cfg
File: color.cfg 2016/01/02 v1.6 sample color configuration
)
Package xcolor Info: Driver file: pdftex.def on input line 225.

(/usr/share/texlive/texmf-dist/tex/latex/graphics-def/pdftex.def
File: pdftex.def 2018/01/08 v1.0l Graphics/color driver for pdftex
)
Package xcolor Info: Model `cmy' substituted by `cmy0' on input line 1348.
Package xcolor Info: Model `hsb' substituted by `rgb' on input line 1352.
Package xcolor Info: Model `RGB' extended on input line 1364.
Package xcolor Info: Model `HTML' substituted by `rgb' on input line 1366.
Package xcolor Info: Model `Hsb' substituted by `hsb' on input line 1367.
Package xcolor Info: Model `tHsb' substituted by `hsb' on input line 1368.
Package xcolor Info: Model `HSB' substituted by `hsb' on input line 1369.
Package xcolor Info: Model `Gray' substituted by `gray' on input line 1370.
Package xcolor Info: Model `wave' substituted by `hsb' on input line 1371.
))
(/usr/share/texlive/texmf-dist/tex/latex/graphics/graphicx.sty
Package: graphicx 2019/11/30 v1.2a Enhanced LaTeX Graphics (DPC,SPQR)

(/usr/share/texlive/texmf-dist/tex/latex/graphics/graphics.sty
Package: graphics 2019/11/30 v1.4a Standard LaTeX Graphics (DPC,SPQR)

(/usr/share/texlive/texmf-dist/tex/latex/graphics/trig.sty
Package: trig 2016/01/03 v1.10 sin cos tan (DPC)
)
(/usr/share/texlive/texmf-dist/tex/latex/graphics-cfg/graphics.cfg
File: graphics.cfg 2016/06/04 v1.11 sample graphics configuration
)
Package graphics Info: Driver file: pdftex.def on input line 105.
)
\Gin@req@height=\dimen138
\Gin@req@width=\dimen139
)
\AM@pagewidth=\dimen140
\AM@pageheight=\dimen141

(/usr/share/texlive/texmf-dist/tex/latex/pdfpages/pppdftex.def
File: pppdftex.def 2020/01/28 v0.5q Pdfpages driver for pdfTeX (AM)
)
\AM@pagebox=\box45
\AM@global@opts=\toks17
\AM@pagecnt=\count180
\AM@toc@title=\toks18
\c@AM@survey=\count181
\AM@templatesizebox=\box46
)
(/usr/share/texlive/texmf-dist/tex/latex/l3backend/l3backend-pdfmode.def
File: l3backend-pdfmode.def 2020-02-03 L3 backend support: PDF mode
\l__kernel_color_stack_int=\count182
\l__pdf_internal_box=\box47
)
(./test.aux)
\openout1 = `test.aux'.

LaTeX Font Info:    Checking defaults for OML/cmm/m/it on input line 7.
LaTeX Font Info:    ... okay on input line 7.
LaTeX Font Info:    Checking defaults for OMS/cmsy/m/n on input line 7.
LaTeX Font Info:    ... okay on input line 7.
LaTeX Font Info:    Checking defaults for OT1/cmr/m/n on input line 7.
LaTeX Font Info:    ... okay on input line 7.
LaTeX Font Info:    Checking defaults for T1/cmr/m/n on input line 7.
LaTeX Font Info:    ... okay on input line 7.
LaTeX Font Info:    Checking defaults for TS1/cmr/m/n on input line 7.
LaTeX Font Info:    ... okay on input line 7.
LaTeX Font Info:    Checking defaults for OMX/cmex/m/n on input line 7.
LaTeX Font Info:    ... okay on input line 7.
LaTeX Font Info:    Checking defaults for U/cmr/m/n on input line 7.
LaTeX Font Info:    ... okay on input line 7.
\AtBeginShipoutBox=\box48
 (/usr/share/texlive/texmf-dist/tex/context/base/mkii/supp-pdf.mkii
[Loading MPS to PDF converter (version 2006.09.02).]
\scratchcounter=\count183
\scratchdimen=\dimen142
\scratchbox=\box49
\nofMPsegments=\count184
\nofMParguments=\count185
\everyMPshowfont=\toks19
\MPscratchCnt=\count186
\MPscratchDim=\dimen143
\MPnumerator=\count187
\makeMPintoPDFobject=\count188
\everyMPtoPDFconversion=\toks20
) (/usr/share/texlive/texmf-dist/tex/latex/epstopdf-pkg/epstopdf-base.sty
Package: epstopdf-base 2020-01-24 v2.11 Base part for package epstopdf
Package epstopdf-base Info: Redefining graphics rule for `.eps' on input line 4
85.

(/usr/share/texlive/texmf-dist/tex/latex/latexconfig/epstopdf-sys.cfg
File: epstopdf-sys.cfg 2010/07/13 v1.3 Configuration of (r)epstopdf for TeX Liv
e
))
(/usr/share/texlive/texmf-dist/tex/latex/pdflscape/pdflscape.sty
Package: pdflscape 2019/12/05 v0.12 Display of landscape pages in PDF (HO)

(/usr/share/texlive/texmf-dist/tex/latex/graphics/lscape.sty
Package: lscape 2000/10/22 v3.01 Landscape Pages (DPC)
)
Package pdflscape Info: Auto-detected driver: pdftex on input line 81.
) (./test.toc
LaTeX Font Info:    External font `cmex10' loaded for size
(Font)              <7> on input line 3.
LaTeX Font Info:    External font `cmex10' loaded for size
(Font)              <5> on input line 3.
)
\tf@toc=\write3
\openout3 = `test.toc'.


[1

{/var/lib/texmf/fonts/map/pdftex/updmap/pdftex.map}]
LaTeX Font Info:    External font `cmex10' loaded for size
(Font)              <12> on input line 13.
LaTeX Font Info:    External font `cmex10' loaded for size
(Font)              <8> on input line 13.
LaTeX Font Info:    External font `cmex10' loaded for size
(Font)              <6> on input line 13.
LaTeX Font Info:    Trying to load font information for T1+cmtt on input line 1
9.

(/usr/share/texlive/texmf-dist/tex/latex/base/t1cmtt.fd
File: t1cmtt.fd 2019/12/16 v2.5j Standard LaTeX font definitions
)
</home/menu/code/songbook-md/out/tmp/OKOKOK.pdf, id=9, 597.51233pt x 845.0471pt
>
File: /home/menu/code/songbook-md/out/tmp/OKOKOK.pdf Graphic file (type pdf)
<use /home/menu/code/songbook-md/out/tmp/OKOKOK.pdf>
Package pdftex.def Info: /home/menu/code/songbook-md/out/tmp/OKOKOK.pdf  used o
n input line 33.
(pdftex.def)             Requested size: 597.51086pt x 845.04504pt.
File: /home/menu/code/songbook-md/out/tmp/OKOKOK.pdf Graphic file (type pdf)
<use /home/menu/code/songbook-md/out/tmp/OKOKOK.pdf>
Package pdftex.def Info: /home/menu/code/songbook-md/out/tmp/OKOKOK.pdf  used o
n input line 33.
(pdftex.def)             Requested size: 597.51086pt x 845.04504pt.
</home/menu/code/songbook-md/out/tmp/OKOKOK.pdf, id=12, page=1, 597.51233pt x 8
45.0471pt>
File: /home/menu/code/songbook-md/out/tmp/OKOKOK.pdf Graphic file (type pdf)
<use /home/menu/code/songbook-md/out/tmp/OKOKOK.pdf, page 1>
Package pdftex.def Info: /home/menu/code/songbook-md/out/tmp/OKOKOK.pdf , page1
 used on input line 33.
(pdftex.def)             Requested size: 597.51086pt x 845.04504pt.
File: /home/menu/code/songbook-md/out/tmp/OKOKOK.pdf Graphic file (type pdf)
<use /home/menu/code/songbook-md/out/tmp/OKOKOK.pdf, page 1>
Package pdftex.def Info: /home/menu/code/songbook-md/out/tmp/OKOKOK.pdf , page1
 used on input line 33.
(pdftex.def)             Requested size: 596.97293pt x 844.28427pt.
 [2]
File: /home/menu/code/songbook-md/out/tmp/OKOKOK.pdf Graphic file (type pdf)
<use /home/menu/code/songbook-md/out/tmp/OKOKOK.pdf, page 1>
Package pdftex.def Info: /home/menu/code/songbook-md/out/tmp/OKOKOK.pdf , page1
 used on input line 33.
(pdftex.def)             Requested size: 596.97293pt x 844.28427pt.
File: /home/menu/code/songbook-md/out/tmp/OKOKOK.pdf Graphic file (type pdf)
<use /home/menu/code/songbook-md/out/tmp/OKOKOK.pdf, page 1>
Package pdftex.def Info: /home/menu/code/songbook-md/out/tmp/OKOKOK.pdf , page1
 used on input line 33.
(pdftex.def)             Requested size: 596.97293pt x 844.28427pt.
File: /home/menu/code/songbook-md/out/tmp/OKOKOK.pdf Graphic file (type pdf)
<use /home/menu/code/songbook-md/out/tmp/OKOKOK.pdf, page 1>
Package pdftex.def Info: /home/menu/code/songbook-md/out/tmp/OKOKOK.pdf , page1
 used on input line 33.
(pdftex.def)             Requested size: 596.97293pt x 844.28427pt.
 [3 </home/menu/code/songbook-md/out/tmp/OKOKOK.pdf>] (./test.aux) ) 
Here is how much of TeX's memory you used:
 3639 strings out of 483130
 51794 string characters out of 5963883
 295566 words of memory out of 5000000
 18618 multiletter control sequences out of 15000+600000
 542904 words of font info for 44 fonts, out of 8000000 for 9000
 14 hyphenation exceptions out of 8191
 40i,19n,45p,235b,450s stack positions out of 5000i,500n,10000p,200000b,80000s
 </home/men
u/.texlive2019/texmf-var/fonts/pk/ljfour/jknappen/ec/ecti1000.600pk> </home/men
u/.texlive2019/texmf-var/fonts/pk/ljfour/jknappen/ec/eccc1000.600pk> </home/men
u/.texlive2019/texmf-var/fonts/pk/ljfour/jknappen/ec/ectt1000.600pk> </home/men
u/.texlive2019/texmf-var/fonts/pk/ljfour/jknappen/ec/ecrm0700.600pk> </home/men
u/.texlive2019/texmf-var/fonts/pk/ljfour/jknappen/ec/ecbx1200.600pk> </home/men
u/.texlive2019/texmf-var/fonts/pk/ljfour/jknappen/ec/ecrm1200.600pk> </home/men
u/.texlive2019/texmf-var/fonts/pk/ljfour/jknappen/ec/ecrm1728.600pk> </home/men
u/.texlive2019/texmf-var/fonts/pk/ljfour/jknappen/ec/ecrm1000.600pk> </home/men
u/.texlive2019/texmf-var/fonts/pk/ljfour/jknappen/ec/ecbx1000.600pk> </home/men
u/.texlive2019/texmf-var/fonts/pk/ljfour/jknappen/ec/ecbx1440.600pk></usr/share
/texlive/texmf-dist/fonts/type1/public/amsfonts/cm/cmmi10.pfb></usr/share/texli
ve/texmf-dist/fonts/type1/public/amsfonts/cm/cmr10.pfb></usr/share/texlive/texm
f-dist/fonts/type1/public/amsfonts/cm/cmr7.pfb></usr/share/texlive/texmf-dist/f
onts/type1/urw/ncntrsbk/uncb8a.pfb></usr/share/texlive/texmf-dist/fonts/type1/u
rw/ncntrsbk/uncr8a.pfb>
Output written on test.pdf (3 pages, 172421 bytes).
PDF statistics:
 260 PDF objects out of 1000 (max. 8388607)
 78 compressed objects within 1 object stream
 0 named destinations out of 1000 (max. 500000)
 21 words of extra memory for PDF output out of 10000 (max. 10000000)

